// Vitest Snapshot v1, https://vitest.dev/guide/snapshot.html

exports[`stringBuilder > skipStep 1`] = `
"
		if(!this.steps[1].params.skip(floor.pickup)){
			
		}
		"
`;
